Sending query: What are the symptoms of Vata imbalance?

Response:
Source: AyurWell Knowledge Base
Answer: Hello! I'm AyurWell, your Ayurvedic companion. I understand you're curious about the symptoms of Vata imbalance. Let's explore this together to bring more balance to your life.

**Dosha Insight:**

Va...
